Reusing configuration cache.
> Task :app:preBuild UP-TO-DATE
> Task :app:preDebugBuild UP-TO-DATE
> Task :app:checkKotlinGradlePluginConfigurationErrors
> Task :app:mergeDebugNativeDebugMetadata NO-SOURCE
> Task :app:generateDebugResValues UP-TO-DATE
> Task :app:javaPreCompileDebug UP-TO-DATE
> Task :app:desugarDebugFileDependencies UP-TO-DATE
> Task :app:mergeDebugShaders UP-TO-DATE
> Task :app:validateSigningDebug UP-TO-DATE
> Task :app:mergeDebugJniLibFolders UP-TO-DATE
> Task :app:writeDebugAppMetadata UP-TO-DATE
> Task :app:writeDebugSigningConfigVersions UP-TO-DATE
> Task :app:generateDebugResources UP-TO-DATE
> Task :app:compileDebugShaders NO-SOURCE
> Task :app:createDebugCompatibleScreenManifests UP-TO-DATE
> Task :app:generateDebugAssets UP-TO-DATE
> Task :app:extractDeepLinksDebug UP-TO-DATE
> Task :app:packageDebugResources UP-TO-DATE
> Task :app:mapDebugSourceSetPaths UP-TO-DATE
> Task :app:parseDebugLocalResources UP-TO-DATE
> Task :app:mergeDebugResources UP-TO-DATE
> Task :app:checkDebugAarMetadata UP-TO-DATE
> Task :app:checkDebugDuplicateClasses UP-TO-DATE
> Task :app:mergeDebugAssets UP-TO-DATE
> Task :app:compressDebugAssets UP-TO-DATE
> Task :app:mergeLibDexDebug UP-TO-DATE
> Task :app:mergeDebugNativeLibs UP-TO-DATE
> Task :app:stripDebugDebugSymbols UP-TO-DATE
> Task :app:processDebugMainManifest UP-TO-DATE
> Task :app:processDebugManifest UP-TO-DATE
> Task :app:processDebugManifestForPackage UP-TO-DATE
> Task :app:mergeExtDexDebug UP-TO-DATE
> Task :app:processDebugResources UP-TO-DATE
> Task :app:kaptGenerateStubsDebugKotlin UP-TO-DATE
> Task :app:kaptDebugKotlin UP-TO-DATE
> Task :app:compileDebugKotlin UP-TO-DATE
> Task :app:compileDebugJavaWithJavac UP-TO-DATE
> Task :app:hiltAggregateDepsDebug UP-TO-DATE

> Task :app:hiltJavaCompileDebug
.\gradlew : warning: [options] source value 8 is obsolete and will be 
removed in a future release
En línea: 1 Carácter: 1
+ .\gradlew assembleDebug 2>&1 > build_output.txt ; findstr "unresolved ...
+ ~~~~~~~~~~~~~~~~~~~~~~~~~~~~~~~~~~~~~~~~~~~~~~~
    + CategoryInfo          : NotSpecified: (warning: [optio... future rele 
   ase:String) [], RemoteException
    + FullyQualifiedErrorId : NativeCommandError
 
warning: [options] target value 8 is obsolete and will be removed in a 
future release
warning: [options] To suppress warnings about obsolete options, use 
-Xlint:-options.
C:\Users\PC\Documents\ProjectPersonal\Mapp\MaintenanceApp\app\build\generate
d\hilt\component_sources\debug\com\maintenance\app\MaintenanceApplication_Hi
ltComponents.java:144: error: [Dagger/MissingBinding] 
com.maintenance.app.domain.usecases.backup.CreateBackupUseCase cannot be 
provided without an @Inject constructor or an @Provides-annotated method.
  public abstract static class SingletonC implements 
MaintenanceApplication_GeneratedInjector,
                         ^
  
  Missing binding usage:
      com.maintenance.app.domain.usecases.backup.CreateBackupUseCase is 
injected at
          com.maintenance.app.presentation.viewmodels.backup.BackupViewModel
(createBackupUseCase, à)
      com.maintenance.app.presentation.viewmodels.backup.BackupViewModel is 
injected at
          com.maintenance.app.presentation.viewmodels.backup.BackupViewModel
_HiltModules.BindsModule.binds(vm)
      @dagger.hilt.android.internal.lifecycle.HiltViewModelMap java.util.Map
<java.lang.String,javax.inject.Provider<androidx.lifecycle.ViewModel>> is 
requested at
          dagger.hilt.android.internal.lifecycle.HiltViewModelFactory.ViewMo
delFactoriesEntryPoint.getHiltViewModelMap() 
[com.maintenance.app.MaintenanceApplication_HiltComponents.SingletonC ? 
com.maintenance.app.MaintenanceApplication_HiltComponents.ActivityRetainedC 
? com.maintenance.app.MaintenanceApplication_HiltComponents.ViewModelC]
C:\Users\PC\Documents\ProjectPersonal\Mapp\MaintenanceApp\app\build\generate
d\hilt\component_sources\debug\com\maintenance\app\MaintenanceApplication_Hi
ltComponents.java:144: error: [Dagger/MissingBinding] 
com.maintenance.app.domain.usecases.backup.RestoreBackupUseCase cannot be 
provided without an @Inject constructor or an @Provides-annotated method.
  public abstract static class SingletonC implements 
MaintenanceApplication_GeneratedInjector,
                         ^
  
  Missing binding usage:
      com.maintenance.app.domain.usecases.backup.RestoreBackupUseCase is 
injected at
          
com.maintenance.app.presentation.viewmodels.backup.BackupViewModel(à, 
restoreBackupUseCase, à)
      com.maintenance.app.presentation.viewmodels.backup.BackupViewModel is 
injected at
          com.maintenance.app.presentation.viewmodels.backup.BackupViewModel
_HiltModules.BindsModule.binds(vm)
      @dagger.hilt.android.internal.lifecycle.HiltViewModelMap java.util.Map
<java.lang.String,javax.inject.Provider<androidx.lifecycle.ViewModel>> is 
requested at
          dagger.hilt.android.internal.lifecycle.HiltViewModelFactory.ViewMo
delFactoriesEntryPoint.getHiltViewModelMap() 
[com.maintenance.app.MaintenanceApplication_HiltComponents.SingletonC ? 
com.maintenance.app.MaintenanceApplication_HiltComponents.ActivityRetainedC 
? com.maintenance.app.MaintenanceApplication_HiltComponents.ViewModelC]
C:\Users\PC\Documents\ProjectPersonal\Mapp\MaintenanceApp\app\build\generate
d\hilt\component_sources\debug\com\maintenance\app\MaintenanceApplication_Hi
ltComponents.java:144: error: [Dagger/MissingBinding] 
com.maintenance.app.domain.usecases.backup.GetBackupListUseCase cannot be 
provided without an @Inject constructor or an @Provides-annotated method.
  public abstract static class SingletonC implements 
MaintenanceApplication_GeneratedInjector,
                         ^
  
  Missing binding usage:
      com.maintenance.app.domain.usecases.backup.GetBackupListUseCase is 
injected at
          
com.maintenance.app.presentation.viewmodels.backup.BackupViewModel(à, 
getBackupListUseCase, à)
      com.maintenance.app.presentation.viewmodels.backup.BackupViewModel is 
injected at
          com.maintenance.app.presentation.viewmodels.backup.BackupViewModel
_HiltModules.BindsModule.binds(vm)
      @dagger.hilt.android.internal.lifecycle.HiltViewModelMap java.util.Map
<java.lang.String,javax.inject.Provider<androidx.lifecycle.ViewModel>> is 
requested at
          dagger.hilt.android.internal.lifecycle.HiltViewModelFactory.ViewMo
delFactoriesEntryPoint.getHiltViewModelMap() 
[com.maintenance.app.MaintenanceApplication_HiltComponents.SingletonC ? 
com.maintenance.app.MaintenanceApplication_HiltComponents.ActivityRetainedC 
? com.maintenance.app.MaintenanceApplication_HiltComponents.ViewModelC]
C:\Users\PC\Documents\ProjectPersonal\Mapp\MaintenanceApp\app\build\generate
d\hilt\component_sources\debug\com\maintenance\app\MaintenanceApplication_Hi
ltComponents.java:144: error: [Dagger/MissingBinding] 
com.maintenance.app.domain.usecases.backup.DeleteBackupUseCase cannot be 
provided without an @Inject constructor or an @Provides-annotated method.
  public abstract static class SingletonC implements 
MaintenanceApplication_GeneratedInjector,
                         ^
  
  Missing binding usage:
      com.maintenance.app.domain.usecases.backup.DeleteBackupUseCase is 
injected at
          
com.maintenance.app.presentation.viewmodels.backup.BackupViewModel(à, 
deleteBackupUseCase, à)
      com.maintenance.app.presentation.viewmodels.backup.BackupViewModel is 
injected at
          com.maintenance.app.presentation.viewmodels.backup.BackupViewModel
_HiltModules.BindsModule.binds(vm)
      @dagger.hilt.android.internal.lifecycle.HiltViewModelMap java.util.Map
<java.lang.String,javax.inject.Provider<androidx.lifecycle.ViewModel>> is 
requested at
          dagger.hilt.android.internal.lifecycle.HiltViewModelFactory.ViewMo
delFactoriesEntryPoint.getHiltViewModelMap() 
[com.maintenance.app.MaintenanceApplication_HiltComponents.SingletonC ? 
com.maintenance.app.MaintenanceApplication_HiltComponents.ActivityRetainedC 
? com.maintenance.app.MaintenanceApplication_HiltComponents.ViewModelC]
C:\Users\PC\Documents\ProjectPersonal\Mapp\MaintenanceApp\app\build\generate
d\hilt\component_sources\debug\com\maintenance\app\MaintenanceApplication_Hi
ltComponents.java:144: error: [Dagger/MissingBinding] 
com.maintenance.app.domain.usecases.backup.UpdateBackupScheduleUseCase 
cannot be provided without an @Inject constructor or an @Provides-annotated 
method.
  public abstract static class SingletonC implements 
MaintenanceApplication_GeneratedInjector,
                         ^
  
  Missing binding usage:
      
com.maintenance.app.domain.usecases.backup.UpdateBackupScheduleUseCase is 
injected at
          
com.maintenance.app.presentation.viewmodels.backup.BackupViewModel(à, 
updateBackupScheduleUseCase, à)
      com.maintenance.app.presentation.viewmodels.backup.BackupViewModel is 
injected at
          com.maintenance.app.presentation.viewmodels.backup.BackupViewModel
_HiltModules.BindsModule.binds(vm)
      @dagger.hilt.android.internal.lifecycle.HiltViewModelMap java.util.Map
<java.lang.String,javax.inject.Provider<androidx.lifecycle.ViewModel>> is 
requested at
          dagger.hilt.android.internal.lifecycle.HiltViewModelFactory.ViewMo
delFactoriesEntryPoint.getHiltViewModelMap() 
[com.maintenance.app.MaintenanceApplication_HiltComponents.SingletonC ? 
com.maintenance.app.MaintenanceApplication_HiltComponents.ActivityRetainedC 
? com.maintenance.app.MaintenanceApplication_HiltComponents.ViewModelC]
C:\Users\PC\Documents\ProjectPersonal\Mapp\MaintenanceApp\app\build\generate
d\hilt\component_sources\debug\com\maintenance\app\MaintenanceApplication_Hi
ltComponents.java:144: error: [Dagger/MissingBinding] 
com.maintenance.app.domain.usecases.backup.GetBackupScheduleUseCase cannot 
be provided without an @Inject constructor or an @Provides-annotated method.
  public abstract static class SingletonC implements 
MaintenanceApplication_GeneratedInjector,
                         ^
  
  Missing binding usage:
      com.maintenance.app.domain.usecases.backup.GetBackupScheduleUseCase 
is injected at
          
com.maintenance.app.presentation.viewmodels.backup.BackupViewModel(à, 
getBackupScheduleUseCase, à)
      com.maintenance.app.presentation.viewmodels.backup.BackupViewModel is 
injected at
          com.maintenance.app.presentation.viewmodels.backup.BackupViewModel
_HiltModules.BindsModule.binds(vm)
      @dagger.hilt.android.internal.lifecycle.HiltViewModelMap java.util.Map
<java.lang.String,javax.inject.Provider<androidx.lifecycle.ViewModel>> is 
requested at
          dagger.hilt.android.internal.lifecycle.HiltViewModelFactory.ViewMo
delFactoriesEntryPoint.getHiltViewModelMap() 
[com.maintenance.app.MaintenanceApplication_HiltComponents.SingletonC ? 
com.maintenance.app.MaintenanceApplication_HiltComponents.ActivityRetainedC 
? com.maintenance.app.MaintenanceApplication_HiltComponents.ViewModelC]
C:\Users\PC\Documents\ProjectPersonal\Mapp\MaintenanceApp\app\build\generate
d\hilt\component_sources\debug\com\maintenance\app\MaintenanceApplication_Hi
ltComponents.java:144: error: [Dagger/MissingBinding] 
com.maintenance.app.domain.usecases.backup.CheckGoogleDriveAuthUseCase 
cannot be provided without an @Inject constructor or an @Provides-annotated 
method.
  public abstract static class SingletonC implements 
MaintenanceApplication_GeneratedInjector,
                         ^
  
  Missing binding usage:
      
com.maintenance.app.domain.usecases.backup.CheckGoogleDriveAuthUseCase is 
injected at
          
com.maintenance.app.presentation.viewmodels.backup.BackupViewModel(à, 
checkGoogleDriveAuthUseCase, à)
      com.maintenance.app.presentation.viewmodels.backup.BackupViewModel is 
injected at
          com.maintenance.app.presentation.viewmodels.backup.BackupViewModel
_HiltModules.BindsModule.binds(vm)
      @dagger.hilt.android.internal.lifecycle.HiltViewModelMap java.util.Map
<java.lang.String,javax.inject.Provider<androidx.lifecycle.ViewModel>> is 
requested at
          dagger.hilt.android.internal.lifecycle.HiltViewModelFactory.ViewMo
delFactoriesEntryPoint.getHiltViewModelMap() 
[com.maintenance.app.MaintenanceApplication_HiltComponents.SingletonC ? 
com.maintenance.app.MaintenanceApplication_HiltComponents.ActivityRetainedC 
? com.maintenance.app.MaintenanceApplication_HiltComponents.ViewModelC]
C:\Users\PC\Documents\ProjectPersonal\Mapp\MaintenanceApp\app\build\generate
d\hilt\component_sources\debug\com\maintenance\app\MaintenanceApplication_Hi
ltComponents.java:144: error: [Dagger/MissingBinding] 
com.maintenance.app.domain.usecases.backup.GetAvailableStorageUseCase 
cannot be provided without an @Inject constructor or an @Provides-annotated 
method.
  public abstract static class SingletonC implements 
MaintenanceApplication_GeneratedInjector,
                         ^
  
  Missing binding usage:
      com.maintenance.app.domain.usecases.backup.GetAvailableStorageUseCase 
is injected at
          
com.maintenance.app.presentation.viewmodels.backup.BackupViewModel(à, 
getAvailableStorageUseCase, à)
      com.maintenance.app.presentation.viewmodels.backup.BackupViewModel is 
injected at
          com.maintenance.app.presentation.viewmodels.backup.BackupViewModel
_HiltModules.BindsModule.binds(vm)
      @dagger.hilt.android.internal.lifecycle.HiltViewModelMap java.util.Map
<java.lang.String,javax.inject.Provider<androidx.lifecycle.ViewModel>> is 
requested at
          dagger.hilt.android.internal.lifecycle.HiltViewModelFactory.ViewMo
delFactoriesEntryPoint.getHiltViewModelMap() 
[com.maintenance.app.MaintenanceApplication_HiltComponents.SingletonC ? 
com.maintenance.app.MaintenanceApplication_HiltComponents.ActivityRetainedC 
? com.maintenance.app.MaintenanceApplication_HiltComponents.ViewModelC]
C:\Users\PC\Documents\ProjectPersonal\Mapp\MaintenanceApp\app\build\generate
d\hilt\component_sources\debug\com\maintenance\app\MaintenanceApplication_Hi
ltComponents.java:144: error: [Dagger/MissingBinding] 
com.maintenance.app.domain.usecases.backup.GetLocalDatabaseSizeUseCase 
cannot be provided without an @Inject constructor or an @Provides-annotated 
method.
  public abstract static class SingletonC implements 
MaintenanceApplication_GeneratedInjector,
                         ^
  
  Missing binding usage:
      
com.maintenance.app.domain.usecases.backup.GetLocalDatabaseSizeUseCase is 
injected at
          
com.maintenance.app.presentation.viewmodels.backup.BackupViewModel(à, 
getLocalDatabaseSizeUseCase)
      com.maintenance.app.presentation.viewmodels.backup.BackupViewModel is 
injected at
          com.maintenance.app.presentation.viewmodels.backup.BackupViewModel
_HiltModules.BindsModule.binds(vm)
      @dagger.hilt.android.internal.lifecycle.HiltViewModelMap java.util.Map
<java.lang.String,javax.inject.Provider<androidx.lifecycle.ViewModel>> is 
requested at
          dagger.hilt.android.internal.lifecycle.HiltViewModelFactory.ViewMo
delFactoriesEntryPoint.getHiltViewModelMap() 
[com.maintenance.app.MaintenanceApplication_HiltComponents.SingletonC ? 
com.maintenance.app.MaintenanceApplication_HiltComponents.ActivityRetainedC 
? com.maintenance.app.MaintenanceApplication_HiltComponents.ViewModelC]
9 errors
3 warnings

> Task :app:hiltJavaCompileDebug FAILED

FAILURE: Build failed with an exception.

* What went wrong:
Execution failed for task ':app:hiltJavaCompileDebug'.
> Compilation failed; see the compiler error output for details.

* Try:
> Run with --info option to get more log output.
> Run with --scan to get full insights.

BUILD FAILED in 3s
33 actionable tasks: 2 executed, 31 up-to-date
Configuration cache entry reused.
