Calculating task graph as no configuration cache is available for tasks: testDebugUnitTest
> Task :app:preBuild UP-TO-DATE
> Task :app:preDebugUnitTestBuild UP-TO-DATE
> Task :app:preDebugBuild UP-TO-DATE
> Task :app:checkKotlinGradlePluginConfigurationErrors
> Task :app:generateDebugResValues UP-TO-DATE
> Task :app:javaPreCompileDebug UP-TO-DATE
> Task :app:javaPreCompileDebugUnitTest UP-TO-DATE
> Task :app:generateDebugResources UP-TO-DATE
> Task :app:createDebugCompatibleScreenManifests UP-TO-DATE
> Task :app:extractDeepLinksDebug UP-TO-DATE
> Task :app:packageDebugResources UP-TO-DATE
> Task :app:parseDebugLocalResources UP-TO-DATE
> Task :app:checkDebugAarMetadata UP-TO-DATE
> Task :app:mapDebugSourceSetPaths UP-TO-DATE
> Task :app:mergeDebugResources UP-TO-DATE
> Task :app:processDebugMainManifest UP-TO-DATE
> Task :app:processDebugManifest UP-TO-DATE
> Task :app:processDebugManifestForPackage UP-TO-DATE
> Task :app:processDebugResources UP-TO-DATE
> Task :app:kaptGenerateStubsDebugKotlin UP-TO-DATE
> Task :app:kaptDebugKotlin UP-TO-DATE
> Task :app:compileDebugKotlin UP-TO-DATE
> Task :app:compileDebugJavaWithJavac UP-TO-DATE
> Task :app:hiltAggregateDepsDebug UP-TO-DATE
> Task :app:hiltJavaCompileDebug UP-TO-DATE
> Task :app:bundleDebugClassesToCompileJar UP-TO-DATE
> Task :app:processDebugJavaRes UP-TO-DATE
> Task :app:transformDebugClassesWithAsm UP-TO-DATE
> Task :app:bundleDebugClassesToRuntimeJar UP-TO-DATE
> Task :app:kaptGenerateStubsDebugUnitTestKotlin UP-TO-DATE
> Task :app:kaptDebugUnitTestKotlin UP-TO-DATE

> Task :app:compileDebugUnitTestKotlin FAILED
./gradlew : e: file:///C:/Users/PC/Documents/ProjectPersonal/Mapp/Maintenanc
eApp/app/src/test/java/com/maintenance/app/data/repositories/SearchRepositor
yTest.kt:3:41 Unresolved reference: SearchFilter
En línea: 1 Carácter: 1
+ ./gradlew testDebugUnitTest 2>&1 | Tee-Object -FilePath test_output.t ...
+ ~~~~~~~~~~~~~~~~~~~~~~~~~~~~~~~~
    + CategoryInfo          : NotSpecified: (e: file:///C:/U...e: SearchFil 
   ter:String) [], RemoteException
    + FullyQualifiedErrorId : NativeCommandError
 
e: file:///C:/Users/PC/Documents/ProjectPersonal/Mapp/MaintenanceApp/app/src
/test/java/com/maintenance/app/data/repositories/SearchRepositoryTest.kt:11:
15 Unresolved reference: test
e: file:///C:/Users/PC/Documents/ProjectPersonal/Mapp/MaintenanceApp/app/src
/test/java/com/maintenance/app/data/repositories/SearchRepositoryTest.kt:12:
15 Unresolved reference: test
e: file:///C:/Users/PC/Documents/ProjectPersonal/Mapp/MaintenanceApp/app/src
/test/java/com/maintenance/app/data/repositories/SearchRepositoryTest.kt:20:
48 Unresolved reference: SearchRepository
e: file:///C:/Users/PC/Documents/ProjectPersonal/Mapp/MaintenanceApp/app/src
/test/java/com/maintenance/app/data/repositories/SearchRepositoryTest.kt:33:
17 Cannot find a parameter with this name: recordName
e: file:///C:/Users/PC/Documents/ProjectPersonal/Mapp/MaintenanceApp/app/src
/test/java/com/maintenance/app/data/repositories/SearchRepositoryTest.kt:35:
17 No value passed for parameter 'title'
e: file:///C:/Users/PC/Documents/ProjectPersonal/Mapp/MaintenanceApp/app/src
/test/java/com/maintenance/app/data/repositories/SearchRepositoryTest.kt:35:
17 No value passed for parameter 'subtitle'
e: file:///C:/Users/PC/Documents/ProjectPersonal/Mapp/MaintenanceApp/app/src
/test/java/com/maintenance/app/data/repositories/SearchRepositoryTest.kt:35:
24 Type mismatch: inferred type is String but SearchResultType was expected
e: file:///C:/Users/PC/Documents/ProjectPersonal/Mapp/MaintenanceApp/app/src
/test/java/com/maintenance/app/data/repositories/SearchRepositoryTest.kt:39:
17 Cannot find a parameter with this name: recordName
e: file:///C:/Users/PC/Documents/ProjectPersonal/Mapp/MaintenanceApp/app/src
/test/java/com/maintenance/app/data/repositories/SearchRepositoryTest.kt:41:
17 No value passed for parameter 'title'
e: file:///C:/Users/PC/Documents/ProjectPersonal/Mapp/MaintenanceApp/app/src
/test/java/com/maintenance/app/data/repositories/SearchRepositoryTest.kt:41:
17 No value passed for parameter 'subtitle'
e: file:///C:/Users/PC/Documents/ProjectPersonal/Mapp/MaintenanceApp/app/src
/test/java/com/maintenance/app/data/repositories/SearchRepositoryTest.kt:41:
24 Type mismatch: inferred type is String but SearchResultType was expected
e: file:///C:/Users/PC/Documents/ProjectPersonal/Mapp/MaintenanceApp/app/src
/test/java/com/maintenance/app/data/repositories/SearchRepositoryTest.kt:45:
9 Cannot inline bytecode built with JVM target 11 into bytecode that is 
being built with JVM target 1.8. Please specify proper '-jvm-target' option
e: file:///C:/Users/PC/Documents/ProjectPersonal/Mapp/MaintenanceApp/app/src
/test/java/com/maintenance/app/data/repositories/SearchRepositoryTest.kt:50:
9 Unresolved reference: assertEquals
e: file:///C:/Users/PC/Documents/ProjectPersonal/Mapp/MaintenanceApp/app/src
/test/java/com/maintenance/app/data/repositories/SearchRepositoryTest.kt:51:
9 Unresolved reference: assertTrue
e: file:///C:/Users/PC/Documents/ProjectPersonal/Mapp/MaintenanceApp/app/src
/test/java/com/maintenance/app/data/repositories/SearchRepositoryTest.kt:51:
34 Unresolved reference: it
e: file:///C:/Users/PC/Documents/ProjectPersonal/Mapp/MaintenanceApp/app/src
/test/java/com/maintenance/app/data/repositories/SearchRepositoryTest.kt:58:
9 Cannot inline bytecode built with JVM target 11 into bytecode that is 
being built with JVM target 1.8. Please specify proper '-jvm-target' option
e: file:///C:/Users/PC/Documents/ProjectPersonal/Mapp/MaintenanceApp/app/src
/test/java/com/maintenance/app/data/repositories/SearchRepositoryTest.kt:63:
9 Unresolved reference: assertEquals
e: file:///C:/Users/PC/Documents/ProjectPersonal/Mapp/MaintenanceApp/app/src
/test/java/com/maintenance/app/data/repositories/SearchRepositoryTest.kt:70:
9 Cannot inline bytecode built with JVM target 11 into bytecode that is 
being built with JVM target 1.8. Please specify proper '-jvm-target' option
e: file:///C:/Users/PC/Documents/ProjectPersonal/Mapp/MaintenanceApp/app/src
/test/java/com/maintenance/app/data/repositories/SearchRepositoryTest.kt:75:
9 Unresolved reference: assertEquals
e: file:///C:/Users/PC/Documents/ProjectPersonal/Mapp/MaintenanceApp/app/src
/test/java/com/maintenance/app/data/repositories/SearchRepositoryTest.kt:81:
22 Unresolved reference: SearchFilter
e: file:///C:/Users/PC/Documents/ProjectPersonal/Mapp/MaintenanceApp/app/src
/test/java/com/maintenance/app/data/repositories/SearchRepositoryTest.kt:89:
17 Cannot find a parameter with this name: recordName
e: file:///C:/Users/PC/Documents/ProjectPersonal/Mapp/MaintenanceApp/app/src
/test/java/com/maintenance/app/data/repositories/SearchRepositoryTest.kt:91:
17 No value passed for parameter 'title'
e: file:///C:/Users/PC/Documents/ProjectPersonal/Mapp/MaintenanceApp/app/src
/test/java/com/maintenance/app/data/repositories/SearchRepositoryTest.kt:91:
17 No value passed for parameter 'subtitle'
e: file:///C:/Users/PC/Documents/ProjectPersonal/Mapp/MaintenanceApp/app/src
/test/java/com/maintenance/app/data/repositories/SearchRepositoryTest.kt:91:
24 Type mismatch: inferred type is String but SearchResultType was expected
e: file:///C:/Users/PC/Documents/ProjectPersonal/Mapp/MaintenanceApp/app/src
/test/java/com/maintenance/app/data/repositories/SearchRepositoryTest.kt:95:
9 Cannot inline bytecode built with JVM target 11 into bytecode that is 
being built with JVM target 1.8. Please specify proper '-jvm-target' option
e: file:///C:/Users/PC/Documents/ProjectPersonal/Mapp/MaintenanceApp/app/src
/test/java/com/maintenance/app/data/repositories/SearchRepositoryTest.kt:100
:9 Unresolved reference: assertEquals
e: file:///C:/Users/PC/Documents/ProjectPersonal/Mapp/MaintenanceApp/app/src
/test/java/com/maintenance/app/data/repositories/SearchRepositoryTest.kt:106
:22 Unresolved reference: SearchFilter
e: file:///C:/Users/PC/Documents/ProjectPersonal/Mapp/MaintenanceApp/app/src
/test/java/com/maintenance/app/data/repositories/SearchRepositoryTest.kt:114
:17 Cannot find a parameter with this name: recordName
e: file:///C:/Users/PC/Documents/ProjectPersonal/Mapp/MaintenanceApp/app/src
/test/java/com/maintenance/app/data/repositories/SearchRepositoryTest.kt:116
:17 No value passed for parameter 'title'
e: file:///C:/Users/PC/Documents/ProjectPersonal/Mapp/MaintenanceApp/app/src
/test/java/com/maintenance/app/data/repositories/SearchRepositoryTest.kt:116
:17 No value passed for parameter 'subtitle'
e: file:///C:/Users/PC/Documents/ProjectPersonal/Mapp/MaintenanceApp/app/src
/test/java/com/maintenance/app/data/repositories/SearchRepositoryTest.kt:116
:24 Type mismatch: inferred type is String but SearchResultType was expected
e: file:///C:/Users/PC/Documents/ProjectPersonal/Mapp/MaintenanceApp/app/src
/test/java/com/maintenance/app/data/repositories/SearchRepositoryTest.kt:120
:9 Cannot inline bytecode built with JVM target 11 into bytecode that is 
being built with JVM target 1.8. Please specify proper '-jvm-target' option
e: file:///C:/Users/PC/Documents/ProjectPersonal/Mapp/MaintenanceApp/app/src
/test/java/com/maintenance/app/data/repositories/SearchRepositoryTest.kt:125
:9 Unresolved reference: assertEquals
e: file:///C:/Users/PC/Documents/ProjectPersonal/Mapp/MaintenanceApp/app/src
/test/java/com/maintenance/app/data/repositories/SearchRepositoryTest.kt:132
:9 Cannot inline bytecode built with JVM target 11 into bytecode that is 
being built with JVM target 1.8. Please specify proper '-jvm-target' option
e: file:///C:/Users/PC/Documents/ProjectPersonal/Mapp/MaintenanceApp/app/src
/test/java/com/maintenance/app/data/repositories/SearchRepositoryTest.kt:137
:9 Unresolved reference: assertEquals
e: file:///C:/Users/PC/Documents/ProjectPersonal/Mapp/MaintenanceApp/app/src
/test/java/com/maintenance/app/data/repositories/SearchRepositoryTest.kt:138
:9 Unresolved reference: assertEquals
e: file:///C:/Users/PC/Documents/ProjectPersonal/Mapp/MaintenanceApp/app/src
/test/java/com/maintenance/app/data/repositories/SearchRepositoryTest.kt:143
:9 Cannot inline bytecode built with JVM target 11 into bytecode that is 
being built with JVM target 1.8. Please specify proper '-jvm-target' option
e: file:///C:/Users/PC/Documents/ProjectPersonal/Mapp/MaintenanceApp/app/src
/test/java/com/maintenance/app/data/repositories/SearchRepositoryTest.kt:149
:9 Unresolved reference: assertEquals
e: file:///C:/Users/PC/Documents/ProjectPersonal/Mapp/MaintenanceApp/app/src
/test/java/com/maintenance/app/data/validator/DataValidatorTest.kt:13:37 
Unresolved reference: DataValidator
e: file:///C:/Users/PC/Documents/ProjectPersonal/Mapp/MaintenanceApp/app/src
/test/java/com/maintenance/app/data/validator/DataValidatorTest.kt:17:21 
Unresolved reference: DataValidator
e: file:///C:/Users/PC/Documents/ProjectPersonal/Mapp/MaintenanceApp/app/src
/test/java/com/maintenance/app/domain/usecases/backup/BackupUseCasesTest.kt:
14:15 Unresolved reference: test
e: file:///C:/Users/PC/Documents/ProjectPersonal/Mapp/MaintenanceApp/app/src
/test/java/com/maintenance/app/domain/usecases/backup/BackupUseCasesTest.kt:
15:15 Unresolved reference: test
e: file:///C:/Users/PC/Documents/ProjectPersonal/Mapp/MaintenanceApp/app/src
/test/java/com/maintenance/app/domain/usecases/backup/BackupUseCasesTest.kt:
53:9 Cannot inline bytecode built with JVM target 11 into bytecode that is 
being built with JVM target 1.8. Please specify proper '-jvm-target' option
e: file:///C:/Users/PC/Documents/ProjectPersonal/Mapp/MaintenanceApp/app/src
/test/java/com/maintenance/app/domain/usecases/backup/BackupUseCasesTest.kt:
58:9 Unresolved reference: assertTrue
e: file:///C:/Users/PC/Documents/ProjectPersonal/Mapp/MaintenanceApp/app/src
/test/java/com/maintenance/app/domain/usecases/backup/BackupUseCasesTest.kt:
59:9 Unresolved reference: assertEquals
e: file:///C:/Users/PC/Documents/ProjectPersonal/Mapp/MaintenanceApp/app/src
/test/java/com/maintenance/app/domain/usecases/backup/BackupUseCasesTest.kt:
60:9 Unresolved reference: assertEquals
e: file:///C:/Users/PC/Documents/ProjectPersonal/Mapp/MaintenanceApp/app/src
/test/java/com/maintenance/app/domain/usecases/backup/BackupUseCasesTest.kt:
60:50 Unresolved reference: data
e: file:///C:/Users/PC/Documents/ProjectPersonal/Mapp/MaintenanceApp/app/src
/test/java/com/maintenance/app/domain/usecases/backup/BackupUseCasesTest.kt:
69:9 Cannot inline bytecode built with JVM target 11 into bytecode that is 
being built with JVM target 1.8. Please specify proper '-jvm-target' option
e: file:///C:/Users/PC/Documents/ProjectPersonal/Mapp/MaintenanceApp/app/src
/test/java/com/maintenance/app/domain/usecases/backup/BackupUseCasesTest.kt:
74:9 Unresolved reference: assertTrue
e: file:///C:/Users/PC/Documents/ProjectPersonal/Mapp/MaintenanceApp/app/src
/test/java/com/maintenance/app/domain/usecases/backup/BackupUseCasesTest.kt:
75:9 Unresolved reference: assertEquals
e: file:///C:/Users/PC/Documents/ProjectPersonal/Mapp/MaintenanceApp/app/src
/test/java/com/maintenance/app/domain/usecases/backup/BackupUseCasesTest.kt:
84:9 Cannot inline bytecode built with JVM target 11 into bytecode that is 
being built with JVM target 1.8. Please specify proper '-jvm-target' option
e: file:///C:/Users/PC/Documents/ProjectPersonal/Mapp/MaintenanceApp/app/src
/test/java/com/maintenance/app/domain/usecases/backup/BackupUseCasesTest.kt:
89:9 Unresolved reference: assertTrue
e: file:///C:/Users/PC/Documents/ProjectPersonal/Mapp/MaintenanceApp/app/src
/test/java/com/maintenance/app/domain/usecases/backup/BackupUseCasesTest.kt:
98:9 Cannot inline bytecode built with JVM target 11 into bytecode that is 
being built with JVM target 1.8. Please specify proper '-jvm-target' option
e: file:///C:/Users/PC/Documents/ProjectPersonal/Mapp/MaintenanceApp/app/src
/test/java/com/maintenance/app/domain/usecases/backup/BackupUseCasesTest.kt:
103:9 Unresolved reference: assertTrue
e: file:///C:/Users/PC/Documents/ProjectPersonal/Mapp/MaintenanceApp/app/src
/test/java/com/maintenance/app/domain/usecases/backup/BackupUseCasesTest.kt:
104:9 Unresolved reference: assertEquals
e: file:///C:/Users/PC/Documents/ProjectPersonal/Mapp/MaintenanceApp/app/src
/test/java/com/maintenance/app/domain/usecases/backup/BackupUseCasesTest.kt:
132:9 Cannot inline bytecode built with JVM target 11 into bytecode that is 
being built with JVM target 1.8. Please specify proper '-jvm-target' option
e: file:///C:/Users/PC/Documents/ProjectPersonal/Mapp/MaintenanceApp/app/src
/test/java/com/maintenance/app/domain/usecases/backup/BackupUseCasesTest.kt:
135:64 Classifier 'Params' does not have a companion object, and thus must 
be initialized here
e: file:///C:/Users/PC/Documents/ProjectPersonal/Mapp/MaintenanceApp/app/src
/test/java/com/maintenance/app/domain/usecases/backup/BackupUseCasesTest.kt:
137:9 Unresolved reference: assertTrue
e: file:///C:/Users/PC/Documents/ProjectPersonal/Mapp/MaintenanceApp/app/src
/test/java/com/maintenance/app/domain/usecases/backup/BackupUseCasesTest.kt:
138:9 Unresolved reference: assertEquals
e: file:///C:/Users/PC/Documents/ProjectPersonal/Mapp/MaintenanceApp/app/src
/test/java/com/maintenance/app/domain/usecases/backup/BackupUseCasesTest.kt:
143:9 Cannot inline bytecode built with JVM target 11 into bytecode that is 
being built with JVM target 1.8. Please specify proper '-jvm-target' option
e: file:///C:/Users/PC/Documents/ProjectPersonal/Mapp/MaintenanceApp/app/src
/test/java/com/maintenance/app/domain/usecases/backup/BackupUseCasesTest.kt:
146:64 Classifier 'Params' does not have a companion object, and thus must 
be initialized here
e: file:///C:/Users/PC/Documents/ProjectPersonal/Mapp/MaintenanceApp/app/src
/test/java/com/maintenance/app/domain/usecases/backup/BackupUseCasesTest.kt:
148:9 Unresolved reference: assertTrue
e: file:///C:/Users/PC/Documents/ProjectPersonal/Mapp/MaintenanceApp/app/src
/test/java/com/maintenance/app/domain/usecases/backup/BackupUseCasesTest.kt:
149:9 Unresolved reference: assertEquals
e: file:///C:/Users/PC/Documents/ProjectPersonal/Mapp/MaintenanceApp/app/src
/test/java/com/maintenance/app/domain/usecases/backup/BackupUseCasesTest.kt:
157:9 Cannot inline bytecode built with JVM target 11 into bytecode that is 
being built with JVM target 1.8. Please specify proper '-jvm-target' option
e: file:///C:/Users/PC/Documents/ProjectPersonal/Mapp/MaintenanceApp/app/src
/test/java/com/maintenance/app/domain/usecases/backup/BackupUseCasesTest.kt:
160:64 Classifier 'Params' does not have a companion object, and thus must 
be initialized here
e: file:///C:/Users/PC/Documents/ProjectPersonal/Mapp/MaintenanceApp/app/src
/test/java/com/maintenance/app/domain/usecases/backup/BackupUseCasesTest.kt:
162:9 Unresolved reference: assertTrue
e: file:///C:/Users/PC/Documents/ProjectPersonal/Mapp/MaintenanceApp/app/src
/test/java/com/maintenance/app/domain/usecases/backup/BackupUseCasesTest.kt:
163:9 Unresolved reference: assertEquals
e: file:///C:/Users/PC/Documents/ProjectPersonal/Mapp/MaintenanceApp/app/src
/test/java/com/maintenance/app/domain/usecases/backup/BackupUseCasesTest.kt:
172:9 Cannot inline bytecode built with JVM target 11 into bytecode that is 
being built with JVM target 1.8. Please specify proper '-jvm-target' option
e: file:///C:/Users/PC/Documents/ProjectPersonal/Mapp/MaintenanceApp/app/src
/test/java/com/maintenance/app/domain/usecases/backup/BackupUseCasesTest.kt:
177:9 Unresolved reference: assertTrue
e: file:///C:/Users/PC/Documents/ProjectPersonal/Mapp/MaintenanceApp/app/src
/test/java/com/maintenance/app/domain/usecases/backup/BackupUseCasesTest.kt:
186:9 Cannot inline bytecode built with JVM target 11 into bytecode that is 
being built with JVM target 1.8. Please specify proper '-jvm-target' option
e: file:///C:/Users/PC/Documents/ProjectPersonal/Mapp/MaintenanceApp/app/src
/test/java/com/maintenance/app/domain/usecases/backup/BackupUseCasesTest.kt:
191:9 Unresolved reference: assertTrue
e: file:///C:/Users/PC/Documents/ProjectPersonal/Mapp/MaintenanceApp/app/src
/test/java/com/maintenance/app/domain/usecases/backup/BackupUseCasesTest.kt:
192:9 Unresolved reference: assertEquals

0 problems were found storing the configuration cache.

See the complete report at file:///C:/Users/PC/Documents/ProjectPersonal/Mapp/MaintenanceApp/build/reports/configuration-cache/59exlbcrp8jjoijllrlo00uxh/6axtd70z7lskw8jttupa5jxdh/configuration-cache-report.html
